vari           line 1 cols 1-4 is T_Identifier (token address: 1)
.              line 1 cols 5-5 is '.'
able           line 1 cols 6-9 is T_Identifier (token address: 2)
3              line 2 cols 1-1 is T_IntConstant (token value: 3)
variable       line 2 cols 2-9 is T_Identifier (token address: 3)
variable       line 3 cols 1-8 is T_Identifier (token address: 3)
/              line 3 cols 9-9 is '/'
123            line 3 cols 10-12 is T_IntConstant (token value: 123)
var            line 4 cols 1-3 is T_Identifier (token address: 4)
-              line 4 cols 4-4 is '-'
123            line 4 cols 5-7 is T_IntConstant (token value: 123)

*** Error line 5.
*** Identifier too long: "variable_whose_name_is_much_too_long"

variable_whose_name_is_much_too_long line 5 cols 1-36 is T_Identifier (token address: 5)
