0              line 2 cols 1-1 is T_IntConstant (token value: 0)
x              line 2 cols 2-2 is T_Identifier (token address: 1)
Ox12           line 4 cols 1-4 is T_Identifier (token address: 2)
0              line 6 cols 1-1 is T_IntConstant (token value: 0)
xg             line 6 cols 2-3 is T_Identifier (token address: 3)
