
*** Error line 1.
*** Unrecognized char: '#'

define         line 1 cols 2-7 is T_Identifier (token address: 1)
123            line 1 cols 9-11 is T_IntConstant (token value: 123)
bogus          line 1 cols 13-17 is T_Identifier (token address: 2)

*** Error line 3.
*** Unrecognized char: '#'

UNKNOWN        line 3 cols 2-8 is T_Identifier (token address: 3)
*              line 8 cols 1-1 is '*'
/              line 8 cols 2-2 is '/'
