"all done!"    line 16 cols 1-11 is T_StringConstant (token value: "all done!")
