1              line 2 cols 1-1 is T_IntConstant (token value: 1)
0              line 4 cols 1-1 is T_IntConstant (token value: 0)
001            line 6 cols 1-3 is T_IntConstant (token value: 001)
123456789      line 8 cols 1-9 is T_IntConstant (token value: 123456789)
9991123        line 10 cols 1-7 is T_IntConstant (token value: 9991123)
0x0            line 12 cols 1-3 is T_IntConstant (token value: 0)
0X0            line 14 cols 1-3 is T_IntConstant (token value: 0)
0X12aE         line 16 cols 1-6 is T_IntConstant (token value: 4782)
0xaBcDeF       line 18 cols 1-8 is T_IntConstant (token value: 11259375)
0.12           line 21 cols 1-4 is T_DoubleConstant (token value: 0.12)
2.12           line 23 cols 1-4 is T_DoubleConstant (token value: 2.12)
12.2E+2        line 25 cols 1-7 is T_DoubleConstant (token value: 1220.0)
12.E+2         line 27 cols 1-6 is T_DoubleConstant (token value: 1200.0)
12.E+002       line 29 cols 1-8 is T_DoubleConstant (token value: 1200.0)
