"valid"        line 3 cols 1-7 is T_StringConstant (token value: "valid")
""             line 5 cols 1-2 is T_StringConstant (token value: "")
" "            line 7 cols 1-3 is T_StringConstant (token value: " ")
"white space can exist in strings" line 9 cols 1-34 is T_StringConstant (token value: "white space can exist in strings")
"more"         line 11 cols 1-6 is T_StringConstant (token value: "more")
"than"         line 11 cols 8-13 is T_StringConstant (token value: "than")
"one"          line 11 cols 15-19 is T_StringConstant (token value: "one")
"string"       line 11 cols 21-28 is T_StringConstant (token value: "string")
"per"          line 11 cols 30-34 is T_StringConstant (token value: "per")
"line"         line 11 cols 36-41 is T_StringConstant (token value: "line")
"even"         line 13 cols 1-6 is T_StringConstant (token value: "even")
"strings"      line 13 cols 7-15 is T_StringConstant (token value: "strings")
"next"         line 13 cols 16-21 is T_StringConstant (token value: "next")
"to"           line 13 cols 22-25 is T_StringConstant (token value: "to")
"strings"      line 13 cols 26-34 is T_StringConstant (token value: "strings")
"@ can exist in strings" line 15 cols 1-24 is T_StringConstant (token value: "@ can exist in strings")
